have_func: checking for rb_enc_interned_str() in ruby/encoding.h... -------------------- yes

DYLD_LIBRARY_PATH=.:/usr/local/Cellar/ruby/3.4.6/lib ASAN_OPTIONS=detect_leaks=0 "clang -o conftest -I/usr/local/Cellar/ruby/3.4.6/include/ruby-3.4.0/x86_64-darwin23 -I/usr/local/Cellar/ruby/3.4.6/include/ruby-3.4.0/ruby/backward -I/usr/local/Cellar/ruby/3.4.6/include/ruby-3.4.0 -I. -I/usr/local/opt/libyaml/include -I/usr/local/opt/openssl@3/include -D_XOPEN_SOURCE -D_DARWIN_C_SOURCE -D_DARWIN_UNLIMITED_SELECT -D_REENTRANT   -fstack-protector-strong -U_FORTIFY_SOURCE -D_FORTIFY_SOURCE=2 -fdeclspec  -O3 -fno-fast-math -ggdb3 -Wall -Wextra -Wextra-tokens -Wdeprecated-declarations -Wdivision-by-zero -Wdiv-by-zero -Wimplicit-function-declaration -Wimplicit-int -Wpointer-arith -Wshorten-64-to-32 -Wwrite-strings -Wold-style-definition -Wmissing-noreturn -Wno-cast-function-type -Wno-constant-logical-operand -Wno-long-long -Wno-missing-field-initializers -Wno-overlength-strings -Wno-parentheses-equality -Wno-self-assign -Wno-tautological-compare -Wno-unused-parameter -Wno-unused-value -Wunused-variable -Wmisleading-indentation -Wundef  -fno-common -pipe conftest.c -L. -L/usr/local/Cellar/ruby/3.4.6/lib -L/usr/local/opt/libyaml/lib -L/usr/local/opt/openssl@3/lib -L. -fstack-protector-strong -L/usr/local/Cellar/libyaml/0.2.5/lib -L/usr/local/Cellar/openssl@3/3.5.2/lib     -lruby.3.4  -lpthread  "
ld: warning: search path '/usr/local/Cellar/openssl@3/3.5.2/lib' not found
checked program was:
/* begin */
1: #include "ruby.h"
2: 
3: int main(int argc, char **argv)
4: {
5:   return !!argv[argc];
6: }
/* end */

DYLD_LIBRARY_PATH=.:/usr/local/Cellar/ruby/3.4.6/lib ASAN_OPTIONS=detect_leaks=0 "clang -o conftest -I/usr/local/Cellar/ruby/3.4.6/include/ruby-3.4.0/x86_64-darwin23 -I/usr/local/Cellar/ruby/3.4.6/include/ruby-3.4.0/ruby/backward -I/usr/local/Cellar/ruby/3.4.6/include/ruby-3.4.0 -I. -I/usr/local/opt/libyaml/include -I/usr/local/opt/openssl@3/include -D_XOPEN_SOURCE -D_DARWIN_C_SOURCE -D_DARWIN_UNLIMITED_SELECT -D_REENTRANT   -fstack-protector-strong -U_FORTIFY_SOURCE -D_FORTIFY_SOURCE=2 -fdeclspec  -O3 -fno-fast-math -ggdb3 -Wall -Wextra -Wextra-tokens -Wdeprecated-declarations -Wdivision-by-zero -Wdiv-by-zero -Wimplicit-function-declaration -Wimplicit-int -Wpointer-arith -Wshorten-64-to-32 -Wwrite-strings -Wold-style-definition -Wmissing-noreturn -Wno-cast-function-type -Wno-constant-logical-operand -Wno-long-long -Wno-missing-field-initializers -Wno-overlength-strings -Wno-parentheses-equality -Wno-self-assign -Wno-tautological-compare -Wno-unused-parameter -Wno-unused-value -Wunused-variable -Wmisleading-indentation -Wundef  -fno-common -pipe conftest.c -L. -L/usr/local/Cellar/ruby/3.4.6/lib -L/usr/local/opt/libyaml/lib -L/usr/local/opt/openssl@3/lib -L. -fstack-protector-strong -L/usr/local/Cellar/libyaml/0.2.5/lib -L/usr/local/Cellar/openssl@3/3.5.2/lib     -lruby.3.4  -lpthread  "
ld: warning: search path '/usr/local/Cellar/openssl@3/3.5.2/lib' not found
checked program was:
/* begin */
 1: #include "ruby.h"
 2: 
 3: #include <ruby/encoding.h>
 4: 
 5: /*top*/
 6: extern int t(void);
 7: int main(int argc, char **argv)
 8: {
 9:   if (argc > 1000000) {
10:     int (* volatile tp)(void)=(int (*)(void))&t;
11:     printf("%d", (*tp)());
12:   }
13: 
14:   return !!argv[argc];
15: }
16: int t(void) { void ((*volatile p)()); p = (void ((*)()))rb_enc_interned_str; return !p; }
/* end */

--------------------

have_func: checking for rb_str_to_interned_str() in ruby.h... -------------------- yes

DYLD_LIBRARY_PATH=.:/usr/local/Cellar/ruby/3.4.6/lib ASAN_OPTIONS=detect_leaks=0 "clang -o conftest -I/usr/local/Cellar/ruby/3.4.6/include/ruby-3.4.0/x86_64-darwin23 -I/usr/local/Cellar/ruby/3.4.6/include/ruby-3.4.0/ruby/backward -I/usr/local/Cellar/ruby/3.4.6/include/ruby-3.4.0 -I. -I/usr/local/opt/libyaml/include -I/usr/local/opt/openssl@3/include -D_XOPEN_SOURCE -D_DARWIN_C_SOURCE -D_DARWIN_UNLIMITED_SELECT -D_REENTRANT   -fstack-protector-strong -U_FORTIFY_SOURCE -D_FORTIFY_SOURCE=2 -fdeclspec  -O3 -fno-fast-math -ggdb3 -Wall -Wextra -Wextra-tokens -Wdeprecated-declarations -Wdivision-by-zero -Wdiv-by-zero -Wimplicit-function-declaration -Wimplicit-int -Wpointer-arith -Wshorten-64-to-32 -Wwrite-strings -Wold-style-definition -Wmissing-noreturn -Wno-cast-function-type -Wno-constant-logical-operand -Wno-long-long -Wno-missing-field-initializers -Wno-overlength-strings -Wno-parentheses-equality -Wno-self-assign -Wno-tautological-compare -Wno-unused-parameter -Wno-unused-value -Wunused-variable -Wmisleading-indentation -Wundef  -fno-common -pipe conftest.c -L. -L/usr/local/Cellar/ruby/3.4.6/lib -L/usr/local/opt/libyaml/lib -L/usr/local/opt/openssl@3/lib -L. -fstack-protector-strong -L/usr/local/Cellar/libyaml/0.2.5/lib -L/usr/local/Cellar/openssl@3/3.5.2/lib     -lruby.3.4  -lpthread  "
ld: warning: search path '/usr/local/Cellar/openssl@3/3.5.2/lib' not found
checked program was:
/* begin */
 1: #include "ruby.h"
 2: 
 3: #include <ruby.h>
 4: 
 5: /*top*/
 6: extern int t(void);
 7: int main(int argc, char **argv)
 8: {
 9:   if (argc > 1000000) {
10:     int (* volatile tp)(void)=(int (*)(void))&t;
11:     printf("%d", (*tp)());
12:   }
13: 
14:   return !!argv[argc];
15: }
16: int t(void) { void ((*volatile p)()); p = (void ((*)()))rb_str_to_interned_str; return !p; }
/* end */

--------------------

have_func: checking for rb_hash_new_capa() in ruby.h... -------------------- yes

DYLD_LIBRARY_PATH=.:/usr/local/Cellar/ruby/3.4.6/lib ASAN_OPTIONS=detect_leaks=0 "clang -o conftest -I/usr/local/Cellar/ruby/3.4.6/include/ruby-3.4.0/x86_64-darwin23 -I/usr/local/Cellar/ruby/3.4.6/include/ruby-3.4.0/ruby/backward -I/usr/local/Cellar/ruby/3.4.6/include/ruby-3.4.0 -I. -I/usr/local/opt/libyaml/include -I/usr/local/opt/openssl@3/include -D_XOPEN_SOURCE -D_DARWIN_C_SOURCE -D_DARWIN_UNLIMITED_SELECT -D_REENTRANT   -fstack-protector-strong -U_FORTIFY_SOURCE -D_FORTIFY_SOURCE=2 -fdeclspec  -O3 -fno-fast-math -ggdb3 -Wall -Wextra -Wextra-tokens -Wdeprecated-declarations -Wdivision-by-zero -Wdiv-by-zero -Wimplicit-function-declaration -Wimplicit-int -Wpointer-arith -Wshorten-64-to-32 -Wwrite-strings -Wold-style-definition -Wmissing-noreturn -Wno-cast-function-type -Wno-constant-logical-operand -Wno-long-long -Wno-missing-field-initializers -Wno-overlength-strings -Wno-parentheses-equality -Wno-self-assign -Wno-tautological-compare -Wno-unused-parameter -Wno-unused-value -Wunused-variable -Wmisleading-indentation -Wundef  -fno-common -pipe conftest.c -L. -L/usr/local/Cellar/ruby/3.4.6/lib -L/usr/local/opt/libyaml/lib -L/usr/local/opt/openssl@3/lib -L. -fstack-protector-strong -L/usr/local/Cellar/libyaml/0.2.5/lib -L/usr/local/Cellar/openssl@3/3.5.2/lib     -lruby.3.4  -lpthread  "
ld: warning: search path '/usr/local/Cellar/openssl@3/3.5.2/lib' not found
checked program was:
/* begin */
 1: #include "ruby.h"
 2: 
 3: #include <ruby.h>
 4: 
 5: /*top*/
 6: extern int t(void);
 7: int main(int argc, char **argv)
 8: {
 9:   if (argc > 1000000) {
10:     int (* volatile tp)(void)=(int (*)(void))&t;
11:     printf("%d", (*tp)());
12:   }
13: 
14:   return !!argv[argc];
15: }
16: int t(void) { void ((*volatile p)()); p = (void ((*)()))rb_hash_new_capa; return !p; }
/* end */

--------------------

have_func: checking for rb_hash_bulk_insert() in ruby.h... -------------------- yes

DYLD_LIBRARY_PATH=.:/usr/local/Cellar/ruby/3.4.6/lib ASAN_OPTIONS=detect_leaks=0 "clang -o conftest -I/usr/local/Cellar/ruby/3.4.6/include/ruby-3.4.0/x86_64-darwin23 -I/usr/local/Cellar/ruby/3.4.6/include/ruby-3.4.0/ruby/backward -I/usr/local/Cellar/ruby/3.4.6/include/ruby-3.4.0 -I. -I/usr/local/opt/libyaml/include -I/usr/local/opt/openssl@3/include -D_XOPEN_SOURCE -D_DARWIN_C_SOURCE -D_DARWIN_UNLIMITED_SELECT -D_REENTRANT   -fstack-protector-strong -U_FORTIFY_SOURCE -D_FORTIFY_SOURCE=2 -fdeclspec  -O3 -fno-fast-math -ggdb3 -Wall -Wextra -Wextra-tokens -Wdeprecated-declarations -Wdivision-by-zero -Wdiv-by-zero -Wimplicit-function-declaration -Wimplicit-int -Wpointer-arith -Wshorten-64-to-32 -Wwrite-strings -Wold-style-definition -Wmissing-noreturn -Wno-cast-function-type -Wno-constant-logical-operand -Wno-long-long -Wno-missing-field-initializers -Wno-overlength-strings -Wno-parentheses-equality -Wno-self-assign -Wno-tautological-compare -Wno-unused-parameter -Wno-unused-value -Wunused-variable -Wmisleading-indentation -Wundef  -fno-common -pipe conftest.c -L. -L/usr/local/Cellar/ruby/3.4.6/lib -L/usr/local/opt/libyaml/lib -L/usr/local/opt/openssl@3/lib -L. -fstack-protector-strong -L/usr/local/Cellar/libyaml/0.2.5/lib -L/usr/local/Cellar/openssl@3/3.5.2/lib     -lruby.3.4  -lpthread  "
ld: warning: search path '/usr/local/Cellar/openssl@3/3.5.2/lib' not found
checked program was:
/* begin */
 1: #include "ruby.h"
 2: 
 3: #include <ruby.h>
 4: 
 5: /*top*/
 6: extern int t(void);
 7: int main(int argc, char **argv)
 8: {
 9:   if (argc > 1000000) {
10:     int (* volatile tp)(void)=(int (*)(void))&t;
11:     printf("%d", (*tp)());
12:   }
13: 
14:   return !!argv[argc];
15: }
16: int t(void) { void ((*volatile p)()); p = (void ((*)()))rb_hash_bulk_insert; return !p; }
/* end */

--------------------

have_func: checking for ruby_xfree_sized() in ruby.h... -------------------- no

DYLD_LIBRARY_PATH=.:/usr/local/Cellar/ruby/3.4.6/lib ASAN_OPTIONS=detect_leaks=0 "clang -o conftest -I/usr/local/Cellar/ruby/3.4.6/include/ruby-3.4.0/x86_64-darwin23 -I/usr/local/Cellar/ruby/3.4.6/include/ruby-3.4.0/ruby/backward -I/usr/local/Cellar/ruby/3.4.6/include/ruby-3.4.0 -I. -I/usr/local/opt/libyaml/include -I/usr/local/opt/openssl@3/include -D_XOPEN_SOURCE -D_DARWIN_C_SOURCE -D_DARWIN_UNLIMITED_SELECT -D_REENTRANT   -fstack-protector-strong -U_FORTIFY_SOURCE -D_FORTIFY_SOURCE=2 -fdeclspec  -O3 -fno-fast-math -ggdb3 -Wall -Wextra -Wextra-tokens -Wdeprecated-declarations -Wdivision-by-zero -Wdiv-by-zero -Wimplicit-function-declaration -Wimplicit-int -Wpointer-arith -Wshorten-64-to-32 -Wwrite-strings -Wold-style-definition -Wmissing-noreturn -Wno-cast-function-type -Wno-constant-logical-operand -Wno-long-long -Wno-missing-field-initializers -Wno-overlength-strings -Wno-parentheses-equality -Wno-self-assign -Wno-tautological-compare -Wno-unused-parameter -Wno-unused-value -Wunused-variable -Wmisleading-indentation -Wundef  -fno-common -pipe conftest.c -L. -L/usr/local/Cellar/ruby/3.4.6/lib -L/usr/local/opt/libyaml/lib -L/usr/local/opt/openssl@3/lib -L. -fstack-protector-strong -L/usr/local/Cellar/libyaml/0.2.5/lib -L/usr/local/Cellar/openssl@3/3.5.2/lib     -lruby.3.4  -lpthread  "
conftest.c:16:57: error: use of undeclared identifier 'ruby_xfree_sized'
   16 | int t(void) { void ((*volatile p)()); p = (void ((*)()))ruby_xfree_sized; return !p; }
      |                                                         ^
1 error generated.
checked program was:
/* begin */
 1: #include "ruby.h"
 2: 
 3: #include <ruby.h>
 4: 
 5: /*top*/
 6: extern int t(void);
 7: int main(int argc, char **argv)
 8: {
 9:   if (argc > 1000000) {
10:     int (* volatile tp)(void)=(int (*)(void))&t;
11:     printf("%d", (*tp)());
12:   }
13: 
14:   return !!argv[argc];
15: }
16: int t(void) { void ((*volatile p)()); p = (void ((*)()))ruby_xfree_sized; return !p; }
/* end */

DYLD_LIBRARY_PATH=.:/usr/local/Cellar/ruby/3.4.6/lib ASAN_OPTIONS=detect_leaks=0 "clang -o conftest -I/usr/local/Cellar/ruby/3.4.6/include/ruby-3.4.0/x86_64-darwin23 -I/usr/local/Cellar/ruby/3.4.6/include/ruby-3.4.0/ruby/backward -I/usr/local/Cellar/ruby/3.4.6/include/ruby-3.4.0 -I. -I/usr/local/opt/libyaml/include -I/usr/local/opt/openssl@3/include -D_XOPEN_SOURCE -D_DARWIN_C_SOURCE -D_DARWIN_UNLIMITED_SELECT -D_REENTRANT   -fstack-protector-strong -U_FORTIFY_SOURCE -D_FORTIFY_SOURCE=2 -fdeclspec  -O3 -fno-fast-math -ggdb3 -Wall -Wextra -Wextra-tokens -Wdeprecated-declarations -Wdivision-by-zero -Wdiv-by-zero -Wimplicit-function-declaration -Wimplicit-int -Wpointer-arith -Wshorten-64-to-32 -Wwrite-strings -Wold-style-definition -Wmissing-noreturn -Wno-cast-function-type -Wno-constant-logical-operand -Wno-long-long -Wno-missing-field-initializers -Wno-overlength-strings -Wno-parentheses-equality -Wno-self-assign -Wno-tautological-compare -Wno-unused-parameter -Wno-unused-value -Wunused-variable -Wmisleading-indentation -Wundef  -fno-common -pipe conftest.c -L. -L/usr/local/Cellar/ruby/3.4.6/lib -L/usr/local/opt/libyaml/lib -L/usr/local/opt/openssl@3/lib -L. -fstack-protector-strong -L/usr/local/Cellar/libyaml/0.2.5/lib -L/usr/local/Cellar/openssl@3/3.5.2/lib     -lruby.3.4  -lpthread  "
ld: warning: search path '/usr/local/Cellar/openssl@3/3.5.2/lib' not found
Undefined symbols for architecture x86_64:
  "_ruby_xfree_sized", referenced from:
      _t in conftest-b948b8.o
ld: symbol(s) not found for architecture x86_64
clang: error: linker command failed with exit code 1 (use -v to see invocation)
checked program was:
/* begin */
 1: #include "ruby.h"
 2: 
 3: #include <ruby.h>
 4: 
 5: /*top*/
 6: extern int t(void);
 7: int main(int argc, char **argv)
 8: {
 9:   if (argc > 1000000) {
10:     int (* volatile tp)(void)=(int (*)(void))&t;
11:     printf("%d", (*tp)());
12:   }
13: 
14:   return !!argv[argc];
15: }
16: extern void ruby_xfree_sized();
17: int t(void) { ruby_xfree_sized(); return 0; }
/* end */

--------------------

have_builtin_func: checking for __builtin_clzll()... -------------------- yes

DYLD_LIBRARY_PATH=.:/usr/local/Cellar/ruby/3.4.6/lib ASAN_OPTIONS=detect_leaks=0 "clang -I/usr/local/Cellar/ruby/3.4.6/include/ruby-3.4.0/x86_64-darwin23 -I/usr/local/Cellar/ruby/3.4.6/include/ruby-3.4.0/ruby/backward -I/usr/local/Cellar/ruby/3.4.6/include/ruby-3.4.0 -I. -I/usr/local/opt/libyaml/include -I/usr/local/opt/openssl@3/include -D_XOPEN_SOURCE -D_DARWIN_C_SOURCE -D_DARWIN_UNLIMITED_SELECT -D_REENTRANT   -fstack-protector-strong -U_FORTIFY_SOURCE -D_FORTIFY_SOURCE=2 -fdeclspec  -O3 -fno-fast-math -ggdb3 -Wall -Wextra -Wextra-tokens -Wdeprecated-declarations -Wdivision-by-zero -Wdiv-by-zero -Wimplicit-function-declaration -Wimplicit-int -Wpointer-arith -Wshorten-64-to-32 -Wwrite-strings -Wold-style-definition -Wmissing-noreturn -Wno-cast-function-type -Wno-constant-logical-operand -Wno-long-long -Wno-missing-field-initializers -Wno-overlength-strings -Wno-parentheses-equality -Wno-self-assign -Wno-tautological-compare -Wno-unused-parameter -Wno-unused-value -Wunused-variable -Wmisleading-indentation -Wundef  -fno-common -pipe   -c conftest.c"
checked program was:
/* begin */
1: #include "ruby.h"
2: 
3: int foo;
4: int main() { __builtin_clzll(0); return 0; }
/* end */

--------------------

have_header: checking for x86intrin.h... -------------------- yes

DYLD_LIBRARY_PATH=.:/usr/local/Cellar/ruby/3.4.6/lib ASAN_OPTIONS=detect_leaks=0 "clang -I/usr/local/Cellar/ruby/3.4.6/include/ruby-3.4.0/x86_64-darwin23 -I/usr/local/Cellar/ruby/3.4.6/include/ruby-3.4.0/ruby/backward -I/usr/local/Cellar/ruby/3.4.6/include/ruby-3.4.0 -I. -I/usr/local/opt/libyaml/include -I/usr/local/opt/openssl@3/include -D_XOPEN_SOURCE -D_DARWIN_C_SOURCE -D_DARWIN_UNLIMITED_SELECT -D_REENTRANT   -fstack-protector-strong -U_FORTIFY_SOURCE -D_FORTIFY_SOURCE=2 -fdeclspec  -O3 -fno-fast-math -ggdb3 -Wall -Wextra -Wextra-tokens -Wdeprecated-declarations -Wdivision-by-zero -Wdiv-by-zero -Wimplicit-function-declaration -Wimplicit-int -Wpointer-arith -Wshorten-64-to-32 -Wwrite-strings -Wold-style-definition -Wmissing-noreturn -Wno-cast-function-type -Wno-constant-logical-operand -Wno-long-long -Wno-missing-field-initializers -Wno-overlength-strings -Wno-parentheses-equality -Wno-self-assign -Wno-tautological-compare -Wno-unused-parameter -Wno-unused-value -Wunused-variable -Wmisleading-indentation -Wundef  -fno-common -pipe   -c conftest.c"
checked program was:
/* begin */
1: #include "ruby.h"
2: 
3: #include <x86intrin.h>
/* end */

--------------------

have_func: checking for _lzcnt_u64() in x86intrin.h... -------------------- yes

DYLD_LIBRARY_PATH=.:/usr/local/Cellar/ruby/3.4.6/lib ASAN_OPTIONS=detect_leaks=0 "clang -o conftest -I/usr/local/Cellar/ruby/3.4.6/include/ruby-3.4.0/x86_64-darwin23 -I/usr/local/Cellar/ruby/3.4.6/include/ruby-3.4.0/ruby/backward -I/usr/local/Cellar/ruby/3.4.6/include/ruby-3.4.0 -I. -I/usr/local/opt/libyaml/include -I/usr/local/opt/openssl@3/include -D_XOPEN_SOURCE -D_DARWIN_C_SOURCE -D_DARWIN_UNLIMITED_SELECT -D_REENTRANT   -fstack-protector-strong -U_FORTIFY_SOURCE -D_FORTIFY_SOURCE=2 -fdeclspec  -O3 -fno-fast-math -ggdb3 -Wall -Wextra -Wextra-tokens -Wdeprecated-declarations -Wdivision-by-zero -Wdiv-by-zero -Wimplicit-function-declaration -Wimplicit-int -Wpointer-arith -Wshorten-64-to-32 -Wwrite-strings -Wold-style-definition -Wmissing-noreturn -Wno-cast-function-type -Wno-constant-logical-operand -Wno-long-long -Wno-missing-field-initializers -Wno-overlength-strings -Wno-parentheses-equality -Wno-self-assign -Wno-tautological-compare -Wno-unused-parameter -Wno-unused-value -Wunused-variable -Wmisleading-indentation -Wundef  -fno-common -pipe conftest.c -L. -L/usr/local/Cellar/ruby/3.4.6/lib -L/usr/local/opt/libyaml/lib -L/usr/local/opt/openssl@3/lib -L. -fstack-protector-strong -L/usr/local/Cellar/libyaml/0.2.5/lib -L/usr/local/Cellar/openssl@3/3.5.2/lib     -lruby.3.4  -lpthread  "
ld: warning: search path '/usr/local/Cellar/openssl@3/3.5.2/lib' not found
checked program was:
/* begin */
 1: #include "ruby.h"
 2: 
 3: #include <x86intrin.h>
 4: 
 5: /*top*/
 6: extern int t(void);
 7: int main(int argc, char **argv)
 8: {
 9:   if (argc > 1000000) {
10:     int (* volatile tp)(void)=(int (*)(void))&t;
11:     printf("%d", (*tp)());
12:   }
13: 
14:   return !!argv[argc];
15: }
16: int t(void) { void ((*volatile p)()); p = (void ((*)()))_lzcnt_u64; return !p; }
/* end */

--------------------

have_header: checking for intrin.h... -------------------- no

DYLD_LIBRARY_PATH=.:/usr/local/Cellar/ruby/3.4.6/lib ASAN_OPTIONS=detect_leaks=0 "clang -I/usr/local/Cellar/ruby/3.4.6/include/ruby-3.4.0/x86_64-darwin23 -I/usr/local/Cellar/ruby/3.4.6/include/ruby-3.4.0/ruby/backward -I/usr/local/Cellar/ruby/3.4.6/include/ruby-3.4.0 -I. -I/usr/local/opt/libyaml/include -I/usr/local/opt/openssl@3/include -D_XOPEN_SOURCE -D_DARWIN_C_SOURCE -D_DARWIN_UNLIMITED_SELECT -D_REENTRANT   -fstack-protector-strong -U_FORTIFY_SOURCE -D_FORTIFY_SOURCE=2 -fdeclspec  -O3 -fno-fast-math -ggdb3 -Wall -Wextra -Wextra-tokens -Wdeprecated-declarations -Wdivision-by-zero -Wdiv-by-zero -Wimplicit-function-declaration -Wimplicit-int -Wpointer-arith -Wshorten-64-to-32 -Wwrite-strings -Wold-style-definition -Wmissing-noreturn -Wno-cast-function-type -Wno-constant-logical-operand -Wno-long-long -Wno-missing-field-initializers -Wno-overlength-strings -Wno-parentheses-equality -Wno-self-assign -Wno-tautological-compare -Wno-unused-parameter -Wno-unused-value -Wunused-variable -Wmisleading-indentation -Wundef  -fno-common -pipe   -c conftest.c"
In file included from conftest.c:3:
/Applications/Xcode.app/Contents/Developer/Toolchains/XcodeDefault.xctoolchain/usr/lib/clang/17/include/intrin.h:12:15: fatal error: 'intrin.h' file not found
   12 | #include_next <intrin.h>
      |               ^~~~~~~~~~
1 error generated.
checked program was:
/* begin */
1: #include "ruby.h"
2: 
3: #include <intrin.h>
/* end */

--------------------

have_const: checking for RUBY_TYPED_EMBEDDABLE in ruby.h... -------------------- yes

DYLD_LIBRARY_PATH=.:/usr/local/Cellar/ruby/3.4.6/lib ASAN_OPTIONS=detect_leaks=0 "clang -I/usr/local/Cellar/ruby/3.4.6/include/ruby-3.4.0/x86_64-darwin23 -I/usr/local/Cellar/ruby/3.4.6/include/ruby-3.4.0/ruby/backward -I/usr/local/Cellar/ruby/3.4.6/include/ruby-3.4.0 -I. -I/usr/local/opt/libyaml/include -I/usr/local/opt/openssl@3/include -D_XOPEN_SOURCE -D_DARWIN_C_SOURCE -D_DARWIN_UNLIMITED_SELECT -D_REENTRANT   -fstack-protector-strong -U_FORTIFY_SOURCE -D_FORTIFY_SOURCE=2 -fdeclspec  -O3 -fno-fast-math -ggdb3 -Wall -Wextra -Wextra-tokens -Wdeprecated-declarations -Wdivision-by-zero -Wdiv-by-zero -Wimplicit-function-declaration -Wimplicit-int -Wpointer-arith -Wshorten-64-to-32 -Wwrite-strings -Wold-style-definition -Wmissing-noreturn -Wno-cast-function-type -Wno-constant-logical-operand -Wno-long-long -Wno-missing-field-initializers -Wno-overlength-strings -Wno-parentheses-equality -Wno-self-assign -Wno-tautological-compare -Wno-unused-parameter -Wno-unused-value -Wunused-variable -Wmisleading-indentation -Wundef  -fno-common -pipe   -c conftest.c"
checked program was:
/* begin */
1: #include "ruby.h"
2: 
3: #include <ruby.h>
4: 
5: /*top*/
6: typedef int conftest_type;
7: conftest_type conftestval = (int)RUBY_TYPED_EMBEDDABLE;
/* end */

--------------------

append_cflags: checking for whether -std=c99 is accepted as CFLAGS... -------------------- yes

DYLD_LIBRARY_PATH=.:/usr/local/Cellar/ruby/3.4.6/lib ASAN_OPTIONS=detect_leaks=0 "clang -I/usr/local/Cellar/ruby/3.4.6/include/ruby-3.4.0/x86_64-darwin23 -I/usr/local/Cellar/ruby/3.4.6/include/ruby-3.4.0/ruby/backward -I/usr/local/Cellar/ruby/3.4.6/include/ruby-3.4.0 -I. -I/usr/local/opt/libyaml/include -I/usr/local/opt/openssl@3/include -D_XOPEN_SOURCE -D_DARWIN_C_SOURCE -D_DARWIN_UNLIMITED_SELECT -D_REENTRANT   -fstack-protector-strong -U_FORTIFY_SOURCE -D_FORTIFY_SOURCE=2 -fdeclspec  -O3 -fno-fast-math -ggdb3 -Wall -Wextra -Wextra-tokens -Wdeprecated-declarations -Wdivision-by-zero -Wdiv-by-zero -Wimplicit-function-declaration -Wimplicit-int -Wpointer-arith -Wshorten-64-to-32 -Wwrite-strings -Wold-style-definition -Wmissing-noreturn -Wno-cast-function-type -Wno-constant-logical-operand -Wno-long-long -Wno-missing-field-initializers -Wno-overlength-strings -Wno-parentheses-equality -Wno-self-assign -Wno-tautological-compare -Wno-unused-parameter -Wno-unused-value -Wunused-variable -Wmisleading-indentation -Wundef  -fno-common -pipe  -std=c99 -Werror -c conftest.c"
checked program was:
/* begin */
1: #include "ruby.h"
2: 
3: int main(int argc, char **argv)
4: {
5:   return !!argv[argc];
6: }
/* end */

--------------------

have_header: checking for x86intrin.h... -------------------- yes

DYLD_LIBRARY_PATH=.:/usr/local/Cellar/ruby/3.4.6/lib ASAN_OPTIONS=detect_leaks=0 "clang -I/usr/local/Cellar/ruby/3.4.6/include/ruby-3.4.0/x86_64-darwin23 -I/usr/local/Cellar/ruby/3.4.6/include/ruby-3.4.0/ruby/backward -I/usr/local/Cellar/ruby/3.4.6/include/ruby-3.4.0 -I. -I/usr/local/opt/libyaml/include -I/usr/local/opt/openssl@3/include -D_XOPEN_SOURCE -D_DARWIN_C_SOURCE -D_DARWIN_UNLIMITED_SELECT -D_REENTRANT   -fstack-protector-strong -U_FORTIFY_SOURCE -D_FORTIFY_SOURCE=2 -fdeclspec  -O3 -fno-fast-math -ggdb3 -Wall -Wextra -Wextra-tokens -Wdeprecated-declarations -Wdivision-by-zero -Wdiv-by-zero -Wimplicit-function-declaration -Wimplicit-int -Wpointer-arith -Wshorten-64-to-32 -Wwrite-strings -Wold-style-definition -Wmissing-noreturn -Wno-cast-function-type -Wno-constant-logical-operand -Wno-long-long -Wno-missing-field-initializers -Wno-overlength-strings -Wno-parentheses-equality -Wno-self-assign -Wno-tautological-compare -Wno-unused-parameter -Wno-unused-value -Wunused-variable -Wmisleading-indentation -Wundef  -fno-common -pipe -std=c99   -c conftest.c"
checked program was:
/* begin */
1: #include "ruby.h"
2: 
3: #include <x86intrin.h>
/* end */

--------------------

DYLD_LIBRARY_PATH=.:/usr/local/Cellar/ruby/3.4.6/lib ASAN_OPTIONS=detect_leaks=0 "clang -I/usr/local/Cellar/ruby/3.4.6/include/ruby-3.4.0/x86_64-darwin23 -I/usr/local/Cellar/ruby/3.4.6/include/ruby-3.4.0/ruby/backward -I/usr/local/Cellar/ruby/3.4.6/include/ruby-3.4.0 -I. -I/usr/local/opt/libyaml/include -I/usr/local/opt/openssl@3/include -D_XOPEN_SOURCE -D_DARWIN_C_SOURCE -D_DARWIN_UNLIMITED_SELECT -D_REENTRANT   -fstack-protector-strong -U_FORTIFY_SOURCE -D_FORTIFY_SOURCE=2 -fdeclspec  -O3 -fno-fast-math -ggdb3 -Wall -Wextra -Wextra-tokens -Wdeprecated-declarations -Wdivision-by-zero -Wdiv-by-zero -Wimplicit-function-declaration -Wimplicit-int -Wpointer-arith -Wshorten-64-to-32 -Wwrite-strings -Wold-style-definition -Wmissing-noreturn -Wno-cast-function-type -Wno-constant-logical-operand -Wno-long-long -Wno-missing-field-initializers -Wno-overlength-strings -Wno-parentheses-equality -Wno-self-assign -Wno-tautological-compare -Wno-unused-parameter -Wno-unused-value -Wunused-variable -Wmisleading-indentation -Wundef  -fno-common -pipe -std=c99  -Werror=implicit-function-declaration -c conftest.c"
checked program was:
/* begin */
 1: #include "ruby.h"
 2: 
 3: #include <x86intrin.h>
 4: 
 5: int main(int argc, char **argv) {
 6:   __m128i test = _mm_set1_epi8(32);
 7:   if (__builtin_cpu_supports("sse2")) { printf("OK"); }
 8:   if (argc > 100000) printf("%p", &test);
 9:   return 0;
10: }
/* end */

have_header: checking for cpuid.h... -------------------- yes

DYLD_LIBRARY_PATH=.:/usr/local/Cellar/ruby/3.4.6/lib ASAN_OPTIONS=detect_leaks=0 "clang -I/usr/local/Cellar/ruby/3.4.6/include/ruby-3.4.0/x86_64-darwin23 -I/usr/local/Cellar/ruby/3.4.6/include/ruby-3.4.0/ruby/backward -I/usr/local/Cellar/ruby/3.4.6/include/ruby-3.4.0 -I. -I/usr/local/opt/libyaml/include -I/usr/local/opt/openssl@3/include -D_XOPEN_SOURCE -D_DARWIN_C_SOURCE -D_DARWIN_UNLIMITED_SELECT -D_REENTRANT   -fstack-protector-strong -U_FORTIFY_SOURCE -D_FORTIFY_SOURCE=2 -fdeclspec  -O3 -fno-fast-math -ggdb3 -Wall -Wextra -Wextra-tokens -Wdeprecated-declarations -Wdivision-by-zero -Wdiv-by-zero -Wimplicit-function-declaration -Wimplicit-int -Wpointer-arith -Wshorten-64-to-32 -Wwrite-strings -Wold-style-definition -Wmissing-noreturn -Wno-cast-function-type -Wno-constant-logical-operand -Wno-long-long -Wno-missing-field-initializers -Wno-overlength-strings -Wno-parentheses-equality -Wno-self-assign -Wno-tautological-compare -Wno-unused-parameter -Wno-unused-value -Wunused-variable -Wmisleading-indentation -Wundef  -fno-common -pipe -std=c99   -c conftest.c"
checked program was:
/* begin */
1: #include "ruby.h"
2: 
3: #include <cpuid.h>
/* end */

--------------------

